2026-08-21T03:22:16.3518574Z Current runner version: '2.336.0'
2026-08-21T03:22:16.3543948Z ##[group]Runner Image Provisioner
2026-08-21T03:22:16.3544932Z Hosted Compute Agent
2026-08-21T03:22:16.3545924Z Version: 20260729.566
2026-08-21T03:22:16.3546645Z Commit: cf7153fe6e25b664e8693c24944bf2b00355d109
2026-08-21T03:22:16.3547443Z Build Date: 2026-07-29T19:17:02Z
2026-08-21T03:22:16.3548155Z Worker ID: {a8fb6091-4b6c-487d-ae99-e5597f59b4f7}
2026-08-21T03:22:16.3548955Z Azure Region: westcentralus
2026-08-21T03:22:16.3549578Z ##[endgroup]
2026-08-21T03:22:16.3551071Z ##[group]Operating System
2026-08-21T03:22:16.3551909Z Ubuntu
2026-08-21T03:22:16.3552468Z 24.04.4
2026-08-21T03:22:16.3553058Z LTS
2026-08-21T03:22:16.3553600Z ##[endgroup]
2026-08-21T03:22:16.3554172Z ##[group]Runner Image
2026-08-21T03:22:16.3554895Z Image: ubuntu-24.04
2026-08-21T03:22:16.3555730Z Version: 20260816.277.1
2026-08-21T03:22:16.3557104Z Included Software: https://github.com/actions/runner-images/blob/ubuntu24/20260816.277/images/ubuntu/Ubuntu2404-Readme.md
2026-08-21T03:22:16.3558670Z Image Release: https://github.com/actions/runner-images/releases/tag/ubuntu24%2F20260816.277
2026-08-21T03:22:16.3559766Z ##[endgroup]
2026-08-21T03:22:16.3560989Z ##[group]GITHUB_TOKEN Permissions
2026-08-21T03:22:16.3562966Z Contents: read
2026-08-21T03:22:16.3563610Z Metadata: read
2026-08-21T03:22:16.3564294Z Packages: read
2026-08-21T03:22:16.3564971Z ##[endgroup]
2026-08-21T03:22:16.3568353Z Secret source: Actions
2026-08-21T03:22:16.3569560Z Prepare workflow directory
2026-08-21T03:22:16.4053491Z Prepare all required actions
2026-08-21T03:22:16.4102316Z Getting action download info
2026-08-21T03:22:16.7002331Z Download action repository 'actions/checkout@v4' (SHA:11d5960a326750d5838078e36cf38b85af677262)
2026-08-21T03:22:16.8249933Z Download action repository 'actions/setup-node@v4' (SHA:49933ea5288caeca8642d1e84afbd3f7d6820020)
2026-08-21T03:22:17.0195636Z Complete job name: Frontend (React/Vite)
2026-08-21T03:22:17.1052702Z Node 20 is being deprecated. This workflow is running with Node 24 by default. If you need to temporarily use Node 20, you can set the ACTIONS_ALLOW_USE_UNSECURE_NODE_VERSION=true environment variable. For more information see: https://github.blog/changelog/2025-09-19-deprecation-of-node-20-on-github-actions-runners/
2026-08-21T03:22:17.1061856Z ##[group]Run actions/checkout@v4
2026-08-21T03:22:17.1062617Z with:
2026-08-21T03:22:17.1063088Z   repository: swigerb/retail-pulse
2026-08-21T03:22:17.1067129Z   token: ***
2026-08-21T03:22:17.1067583Z   ssh-strict: true
2026-08-21T03:22:17.1068020Z   ssh-user: git
2026-08-21T03:22:17.1068482Z   persist-credentials: true
2026-08-21T03:22:17.1068977Z   clean: true
2026-08-21T03:22:17.1069429Z   sparse-checkout-cone-mode: true
2026-08-21T03:22:17.1069958Z   fetch-depth: 1
2026-08-21T03:22:17.1070387Z   fetch-tags: false
2026-08-21T03:22:17.1070841Z   show-progress: true
2026-08-21T03:22:17.1071297Z   lfs: false
2026-08-21T03:22:17.1071763Z   submodules: false
2026-08-21T03:22:17.1072227Z   set-safe-directory: true
2026-08-21T03:22:17.1072760Z   allow-unsafe-pr-checkout: false
2026-08-21T03:22:17.1073538Z env:
2026-08-21T03:22:17.1073969Z   DOTNET_VERSION: 10.0.x
2026-08-21T03:22:17.1074453Z   NODE_VERSION: 20
2026-08-21T03:22:17.1074902Z   DOTNET_NOLOGO: true
2026-08-21T03:22:17.1075735Z   DOTNET_CLI_TELEMETRY_OPTOUT: true
2026-08-21T03:22:17.1076349Z ##[endgroup]
2026-08-21T03:22:17.2099791Z Syncing repository: swigerb/retail-pulse
2026-08-21T03:22:17.2102556Z ##[group]Getting Git version info
2026-08-21T03:22:17.2103790Z Working directory is '/home/runner/work/retail-pulse/retail-pulse'
2026-08-21T03:22:17.2105839Z [command]/usr/bin/git version
2026-08-21T03:22:17.2174703Z git version 2.55.0
2026-08-21T03:22:17.2198161Z ##[endgroup]
2026-08-21T03:22:17.2213318Z Temporarily overriding HOME='/home/runner/work/_temp/c79b89bc-870a-4baf-a591-a9a53b770313' before making global git config changes
2026-08-21T03:22:17.2216017Z Adding repository directory to the temporary git global config as a safe directory
2026-08-21T03:22:17.2219233Z [command]/usr/bin/git config --global --add safe.directory /home/runner/work/retail-pulse/retail-pulse
2026-08-21T03:22:17.2278545Z Deleting the contents of '/home/runner/work/retail-pulse/retail-pulse'
2026-08-21T03:22:17.2282652Z ##[group]Initializing the repository
2026-08-21T03:22:17.2296869Z [command]/usr/bin/git init /home/runner/work/retail-pulse/retail-pulse
2026-08-21T03:22:17.2397049Z hint: Using 'master' as the name for the initial branch. This default branch name
2026-08-21T03:22:17.2398832Z hint: will change to "main" in Git 3.0. To configure the initial branch name
2026-08-21T03:22:17.2401149Z hint: to use in all of your new repositories, which will suppress this warning,
2026-08-21T03:22:17.2402355Z hint: call:
2026-08-21T03:22:17.2402975Z hint:
2026-08-21T03:22:17.2403875Z hint: 	git config --global init.defaultBranch <name>
2026-08-21T03:22:17.2405594Z hint:
2026-08-21T03:22:17.2406669Z hint: Names commonly chosen instead of 'master' are 'main', 'trunk' and
2026-08-21T03:22:17.2408212Z hint: 'development'. The just-created branch can be renamed via this command:
2026-08-21T03:22:17.2409404Z hint:
2026-08-21T03:22:17.2410085Z hint: 	git branch -m <name>
2026-08-21T03:22:17.2410874Z hint:
2026-08-21T03:22:17.2411950Z hint: Disable this message with "git config set advice.defaultBranchName false"
2026-08-21T03:22:17.2413663Z Initialized empty Git repository in /home/runner/work/retail-pulse/retail-pulse/.git/
2026-08-21T03:22:17.2417011Z [command]/usr/bin/git remote add origin https://github.com/swigerb/retail-pulse
2026-08-21T03:22:17.2470882Z ##[endgroup]
2026-08-21T03:22:17.2472099Z ##[group]Disabling automatic garbage collection
2026-08-21T03:22:17.2475107Z [command]/usr/bin/git config --local gc.auto 0
2026-08-21T03:22:17.2509965Z ##[endgroup]
2026-08-21T03:22:17.2511169Z ##[group]Setting up auth
2026-08-21T03:22:17.2517733Z [command]/usr/bin/git config --local --name-only --get-regexp core\.sshCommand
2026-08-21T03:22:17.2555922Z [command]/usr/bin/git submodule foreach --recursive sh -c "git config --local --name-only --get-regexp 'core\.sshCommand' && git config --local --unset-all 'core.sshCommand' || :"
2026-08-21T03:22:17.2988149Z [command]/usr/bin/git config --local --name-only --get-regexp http\.https\:\/\/github\.com\/\.extraheader
2026-08-21T03:22:17.3030395Z [command]/usr/bin/git submodule foreach --recursive sh -c "git config --local --name-only --get-regexp 'http\.https\:\/\/github\.com\/\.extraheader' && git config --local --unset-all 'http.https://github.com/.extraheader' || :"
2026-08-21T03:22:17.3269737Z [command]/usr/bin/git config --local --name-only --get-regexp ^includeIf\.gitdir:
2026-08-21T03:22:17.3309334Z [command]/usr/bin/git submodule foreach --recursive git config --local --show-origin --name-only --get-regexp remote.origin.url
2026-08-21T03:22:17.3543761Z [command]/usr/bin/git config --local http.https://github.com/.extraheader AUTHORIZATION: basic ***
2026-08-21T03:22:17.3586310Z ##[endgroup]
2026-08-21T03:22:17.3587226Z ##[group]Fetching the repository
2026-08-21T03:22:17.3596538Z [command]/usr/bin/git -c protocol.version=2 fetch --no-tags --prune --no-recurse-submodules --depth=1 origin +7fefd4435a85bdf6a542f6c5213912fab4f5d7db:refs/remotes/pull/133/merge
2026-08-21T03:22:18.8909913Z From https://github.com/swigerb/retail-pulse
2026-08-21T03:22:18.8912225Z  * [new ref]         7fefd4435a85bdf6a542f6c5213912fab4f5d7db -> pull/133/merge
2026-08-21T03:22:18.8916645Z ##[endgroup]
2026-08-21T03:22:18.8918447Z ##[group]Determining the checkout info
2026-08-21T03:22:18.8920488Z ##[endgroup]
2026-08-21T03:22:18.8924646Z [command]/usr/bin/git sparse-checkout disable
2026-08-21T03:22:18.8985618Z [command]/usr/bin/git config --local --unset-all extensions.worktreeConfig
2026-08-21T03:22:18.9021017Z ##[group]Checking out the ref
2026-08-21T03:22:18.9023598Z [command]/usr/bin/git checkout --progress --force refs/remotes/pull/133/merge
2026-08-21T03:22:19.0171525Z Note: switching to 'refs/remotes/pull/133/merge'.
2026-08-21T03:22:19.0172706Z 
2026-08-21T03:22:19.0173375Z You are in 'detached HEAD' state. You can look around, make experimental
2026-08-21T03:22:19.0175214Z changes and commit them, and you can discard any commits you make in this
2026-08-21T03:22:19.0177836Z state without impacting any branches by switching back to a branch.
2026-08-21T03:22:19.0179363Z 
2026-08-21T03:22:19.0180434Z If you want to create a new branch to retain commits you create, you may
2026-08-21T03:22:19.0182614Z do so (now or later) by using -c with the switch command. Example:
2026-08-21T03:22:19.0183983Z 
2026-08-21T03:22:19.0184594Z   git switch -c <new-branch-name>
2026-08-21T03:22:19.0185832Z 
2026-08-21T03:22:19.0186459Z Or undo this operation with:
2026-08-21T03:22:19.0187375Z 
2026-08-21T03:22:19.0187928Z   git switch -
2026-08-21T03:22:19.0188773Z 
2026-08-21T03:22:19.0190019Z Turn off this advice by setting config variable advice.detachedHead to false
2026-08-21T03:22:19.0191758Z 
2026-08-21T03:22:19.0193677Z HEAD is now at 7fefd44 Merge b2fa59d1f8d6fc88bd467033d547a72a89cb0edd into 90f20da0757ac202069b460727d4f4ca52ad6757
2026-08-21T03:22:19.0200181Z ##[endgroup]
2026-08-21T03:22:19.0237925Z [command]/usr/bin/git log -1 --format=%H
2026-08-21T03:22:19.0267349Z 7fefd4435a85bdf6a542f6c5213912fab4f5d7db
2026-08-21T03:22:19.0723857Z Node 20 is being deprecated. This workflow is running with Node 24 by default. If you need to temporarily use Node 20, you can set the ACTIONS_ALLOW_USE_UNSECURE_NODE_VERSION=true environment variable. For more information see: https://github.blog/changelog/2025-09-19-deprecation-of-node-20-on-github-actions-runners/
2026-08-21T03:22:19.0730344Z ##[group]Run actions/setup-node@v4
2026-08-21T03:22:19.0731573Z with:
2026-08-21T03:22:19.0732451Z   node-version: 20
2026-08-21T03:22:19.0733406Z   cache: npm
2026-08-21T03:22:19.0734684Z   cache-dependency-path: src/RetailPulse.Web/package-lock.json
2026-08-21T03:22:19.0736459Z   always-auth: false
2026-08-21T03:22:19.0737496Z   check-latest: false
2026-08-21T03:22:19.0747808Z   token: ***
2026-08-21T03:22:19.0748756Z env:
2026-08-21T03:22:19.0749669Z   DOTNET_VERSION: 10.0.x
2026-08-21T03:22:19.0750761Z   NODE_VERSION: 20
2026-08-21T03:22:19.0751725Z   DOTNET_NOLOGO: true
2026-08-21T03:22:19.0752779Z   DOTNET_CLI_TELEMETRY_OPTOUT: true
2026-08-21T03:22:19.0753998Z ##[endgroup]
2026-08-21T03:22:19.2232937Z Attempting to download 20...
2026-08-21T03:22:19.2345593Z (node:2320) [DEP0040] DeprecationWarning: The `punycode` module is deprecated. Please use a userland alternative instead.
2026-08-21T03:22:19.2350399Z (Use `node --trace-deprecation ...` to show where the warning was created)
2026-08-21T03:22:20.2014362Z Acquiring 20.20.2 - x64 from https://github.com/actions/node-versions/releases/download/20.20.2-23521894959/node-20.20.2-linux-x64.tar.gz
2026-08-21T03:22:20.8816831Z Extracting ...
2026-08-21T03:22:20.8940532Z [command]/usr/bin/tar xz --strip 1 --warning=no-unknown-keyword --overwrite -C /home/runner/work/_temp/f01380fc-7422-4a79-88c2-f08558a48b82 -f /home/runner/work/_temp/fe6f9f9e-2173-49d2-baf1-0376293b192a
2026-08-21T03:22:21.9361633Z Adding to the cache ...
2026-08-21T03:22:23.8183746Z ##[group]Environment details
2026-08-21T03:22:24.0502513Z node: v20.20.2
2026-08-21T03:22:24.0502998Z npm: 10.8.2
2026-08-21T03:22:24.0503452Z yarn: 1.22.22
2026-08-21T03:22:24.0504132Z ##[endgroup]
2026-08-21T03:22:24.0526783Z [command]/opt/hostedtoolcache/node/20.20.2/x64/bin/npm config get cache
2026-08-21T03:22:24.1604408Z /home/runner/.npm
2026-08-21T03:22:24.3705910Z Cache hit for: node-cache-Linux-x64-npm-700212edc75584b3e204937c1e86109671cc27743790630bf68513d8182b1b69
2026-08-21T03:22:24.3834004Z (node:2320) [DEP0169] DeprecationWarning: `url.parse()` behavior is not standardized and prone to errors that have security implications. Use the WHATWG URL API instead. CVEs are not issued for `url.parse()` vulnerabilities.
2026-08-21T03:22:25.5883963Z Received 33554432 of 84240519 (39.8%), 32.0 MBs/sec
2026-08-21T03:22:26.2607078Z Received 84240519 of 84240519 (100.0%), 48.0 MBs/sec
2026-08-21T03:22:26.2608013Z Cache Size: ~80 MB (84240519 B)
2026-08-21T03:22:26.2643294Z [command]/usr/bin/tar -xf /home/runner/work/_temp/faa98c05-5fc7-4690-be5a-b4e16c10c0e7/cache.tzst -P -C /home/runner/work/retail-pulse/retail-pulse --use-compress-program unzstd
2026-08-21T03:22:26.4830523Z Cache restored successfully
2026-08-21T03:22:26.4876112Z Cache restored from key: node-cache-Linux-x64-npm-700212edc75584b3e204937c1e86109671cc27743790630bf68513d8182b1b69
2026-08-21T03:22:26.5082404Z ##[group]Run npm ci
2026-08-21T03:22:26.5082733Z [36;1mnpm ci[0m
2026-08-21T03:22:26.5124958Z shell: /usr/bin/bash -e {0}
2026-08-21T03:22:26.5125242Z env:
2026-08-21T03:22:26.5125809Z   DOTNET_VERSION: 10.0.x
2026-08-21T03:22:26.5126052Z   NODE_VERSION: 20
2026-08-21T03:22:26.5126270Z   DOTNET_NOLOGO: true
2026-08-21T03:22:26.5126509Z   DOTNET_CLI_TELEMETRY_OPTOUT: true
2026-08-21T03:22:26.5126773Z ##[endgroup]
2026-08-21T03:22:37.0719071Z 
2026-08-21T03:22:37.0727747Z added 479 packages in 10s
2026-08-21T03:22:37.1262747Z ##[group]Run git diff --exit-code -- package-lock.json
2026-08-21T03:22:37.1263260Z [36;1mgit diff --exit-code -- package-lock.json[0m
2026-08-21T03:22:37.1302102Z shell: /usr/bin/bash -e {0}
2026-08-21T03:22:37.1302362Z env:
2026-08-21T03:22:37.1302562Z   DOTNET_VERSION: 10.0.x
2026-08-21T03:22:37.1302803Z   NODE_VERSION: 20
2026-08-21T03:22:37.1303011Z   DOTNET_NOLOGO: true
2026-08-21T03:22:37.1303241Z   DOTNET_CLI_TELEMETRY_OPTOUT: true
2026-08-21T03:22:37.1303497Z ##[endgroup]
2026-08-21T03:22:37.1420242Z ##[group]Run npm run build
2026-08-21T03:22:37.1420549Z [36;1mnpm run build[0m
2026-08-21T03:22:37.1459318Z shell: /usr/bin/bash -e {0}
2026-08-21T03:22:37.1459578Z env:
2026-08-21T03:22:37.1459782Z   DOTNET_VERSION: 10.0.x
2026-08-21T03:22:37.1460019Z   NODE_VERSION: 20
2026-08-21T03:22:37.1460225Z   DOTNET_NOLOGO: true
2026-08-21T03:22:37.1460451Z   DOTNET_CLI_TELEMETRY_OPTOUT: true
2026-08-21T03:22:37.1460736Z ##[endgroup]
2026-08-21T03:22:37.2623102Z 
2026-08-21T03:22:37.2623739Z > RetailPulse-web@0.0.0 prebuild
2026-08-21T03:22:37.2624238Z > node scripts/validate-auth-config.mjs
2026-08-21T03:22:37.2624467Z 
2026-08-21T03:22:37.2981658Z [validate-auth-config] OK — auth mode: (unset — no provider pinned)
2026-08-21T03:22:37.3019038Z 
2026-08-21T03:22:37.3019516Z > RetailPulse-web@0.0.0 build
2026-08-21T03:22:37.3020093Z > tsc -b && vite build
2026-08-21T03:22:37.3020358Z 
2026-08-21T03:22:46.9175779Z ##[error]src/components/plan/PlanHistoryPanel.tsx(60,5): error TS2322: Type 'string' is not assignable to type 'undefined'.
2026-08-21T03:22:46.9189214Z ##[error]src/components/plan/PlanStepRow.tsx(2,17): error TS6133: 'Button' is declared but its value is never read.
2026-08-21T03:22:46.9192383Z ##[error]src/state/planReducer.ts(182,5): error TS5076: '??' and '||' operations cannot be mixed without parentheses.
2026-08-21T03:22:46.9196301Z ##[error]src/state/usePlanController.ts(3,3): error TS1484: 'ActivePlanState' is a type and must be imported using a type-only import when 'verbatimModuleSyntax' is enabled.
2026-08-21T03:22:46.9200343Z ##[error]src/state/usePlanController.ts(4,3): error TS1484: 'PlanAction' is a type and must be imported using a type-only import when 'verbatimModuleSyntax' is enabled.
2026-08-21T03:22:46.9203535Z ##[error]src/state/usePlanController.ts(4,3): error TS6133: 'PlanAction' is declared but its value is never read.
2026-08-21T03:22:46.9207530Z ##[error]src/state/usePlanController.ts(5,3): error TS1484: 'PlanAppState' is a type and must be imported using a type-only import when 'verbatimModuleSyntax' is enabled.
2026-08-21T03:22:47.4686070Z ##[error]Process completed with exit code 2.
2026-08-21T03:22:47.4849906Z Node 20 is being deprecated. This workflow is running with Node 24 by default. If you need to temporarily use Node 20, you can set the ACTIONS_ALLOW_USE_UNSECURE_NODE_VERSION=true environment variable. For more information see: https://github.blog/changelog/2025-09-19-deprecation-of-node-20-on-github-actions-runners/
2026-08-21T03:22:47.4851210Z Post job cleanup.
2026-08-21T03:22:47.5777906Z [command]/usr/bin/git version
2026-08-21T03:22:47.5827312Z git version 2.55.0
2026-08-21T03:22:47.5869497Z Temporarily overriding HOME='/home/runner/work/_temp/aadff857-1d2e-4b8e-8c3b-b5d718966c01' before making global git config changes
2026-08-21T03:22:47.5871130Z Adding repository directory to the temporary git global config as a safe directory
2026-08-21T03:22:47.5876602Z [command]/usr/bin/git config --global --add safe.directory /home/runner/work/retail-pulse/retail-pulse
2026-08-21T03:22:47.5919583Z [command]/usr/bin/git config --local --name-only --get-regexp core\.sshCommand
2026-08-21T03:22:47.5968652Z [command]/usr/bin/git submodule foreach --recursive sh -c "git config --local --name-only --get-regexp 'core\.sshCommand' && git config --local --unset-all 'core.sshCommand' || :"
2026-08-21T03:22:47.6274460Z [command]/usr/bin/git config --local --name-only --get-regexp http\.https\:\/\/github\.com\/\.extraheader
2026-08-21T03:22:47.6343671Z http.https://github.com/.extraheader
2026-08-21T03:22:47.6357803Z [command]/usr/bin/git config --local --unset-all http.https://github.com/.extraheader
2026-08-21T03:22:47.6407610Z [command]/usr/bin/git submodule foreach --recursive sh -c "git config --local --name-only --get-regexp 'http\.https\:\/\/github\.com\/\.extraheader' && git config --local --unset-all 'http.https://github.com/.extraheader' || :"
2026-08-21T03:22:47.6687053Z [command]/usr/bin/git config --local --name-only --get-regexp ^includeIf\.gitdir:
2026-08-21T03:22:47.6728530Z [command]/usr/bin/git submodule foreach --recursive git config --local --show-origin --name-only --get-regexp remote.origin.url
2026-08-21T03:22:47.7117010Z Cleaning up orphan processes
2026-08-21T03:22:47.7402005Z ##[warning]Node.js 20 is deprecated. The following actions target Node.js 20 but are being forced to run on Node.js 24: actions/checkout@v4, actions/setup-node@v4. For more information see: https://github.blog/changelog/2025-09-19-deprecation-of-node-20-on-github-actions-runners/
